wc: /home/A: Is a directory
0       0       0 /home/A